// Jest Snapshot v1, https://goo.gl/fbAQLP

exports[`RegisterCustomerScreen Snapshot matches snapshot 1`] = `null`;
